2025-09-12 17:37:13,882 - INFO - 
Table: bitstream
2025-09-12 17:37:13,892 - INFO - 
Table: bitstreamformatregistry
2025-09-12 17:37:13,894 - INFO - 
Table: bundle
2025-09-12 17:37:13,897 - INFO - 
Table: bundle2bitstream
2025-09-12 17:37:13,900 - INFO - 
Table: checksum_results
2025-09-12 17:37:13,903 - INFO - 
Table: collection
2025-09-12 17:37:13,906 - INFO - 
Table: collection2item
2025-09-12 17:37:13,908 - INFO - 
Table: community
2025-09-12 17:37:13,912 - INFO - 
Table: community2collection
2025-09-12 17:37:13,922 - INFO - 
Table: dspaceobject
2025-09-12 17:37:13,924 - INFO - 
Table: entity_type
2025-09-12 17:37:13,928 - INFO - 
Table: eperson
2025-09-12 17:37:13,931 - INFO - 
Table: epersongroup
2025-09-12 17:37:13,934 - INFO - 
Table: epersongroup2eperson
2025-09-12 17:37:13,937 - INFO - 
Table: fileextension
2025-09-12 17:37:13,941 - INFO - 
Table: handle
2025-09-12 17:37:13,947 - INFO - 
Table: item
2025-09-12 17:37:13,950 - INFO - 
Table: item2bundle
2025-09-12 17:37:13,954 - INFO - 
Table: metadatafieldregistry
2025-09-12 17:37:13,957 - INFO - 
Table: metadataschemaregistry
2025-09-12 17:37:13,961 - INFO - 
Table: metadatavalue
2025-09-12 17:37:13,980 - INFO - 
Table: resourcepolicy
2025-09-12 17:37:13,983 - INFO - 
Table: schema_version
2025-09-12 17:37:13,985 - INFO - 
Table: site
2025-09-12 17:37:13,994 - INFO - 
Table: workspaceitem
